0 verbose cli C:\nvm4w122\nodejs\node.exe C:\nvm4w122\nodejs\node_modules\npm\bin\npm-cli.js
1 info using npm@12.0.2
2 info using node@v24.18.0
3 silly config load:file:C:\ProgramData\nvm122\v24.18.0\node_modules\npm\npmrc
4 silly config load:file:z:\~Labs\Codes\javascript\reactjs\~security\school-management-system\.npmrc
5 silly config load:file:C:\Users\Huy\.npmrc
6 silly config load:file:C:\nvm4w122\nodejs\etc\npmrc
7 verbose title npm view @microsoft/jsts-upgrade-assistant version
8 verbose argv "view" "@microsoft/jsts-upgrade-assistant" "version" "--json" "--fetch-retries" "0" "--fetch-timeout" "10000"
9 verbose logfile logs-max:10 dir:z:\~Labs\Codes\javascript\reactjs\~security\school-management-system\.npm-cache\_logs\2026-09-09T18_31_55_851Z-
10 verbose logfile z:\~Labs\Codes\javascript\reactjs\~security\school-management-system\.npm-cache\_logs\2026-09-09T18_31_55_851Z-debug-0.log
11 silly logfile done cleaning log files
12 http fetch GET 200 https://registry.npmjs.org/npm 191ms
13 http fetch GET 200 https://registry.npmjs.org/@microsoft%2fjsts-upgrade-assistant 268ms (cache miss)
14 verbose cwd z:\~Labs\Codes\javascript\reactjs\~security\school-management-system
15 verbose os Windows_NT 10.0.26100
16 verbose node v24.18.0
17 verbose npm  v12.0.2
18 verbose exit 0
19 info ok
